// Jest Snapshot v1, https://goo.gl/fbAQLP

exports[`snapshot test 1`] = `
Object {
  "asFragment": [Function],
  "baseElement": <body>
    <div>
      <div
        class="search"
        data-testid="search"
      >
        <form>
          <fieldset>
            <legend
              class="searchTitle header__searchTitle"
            >
              Find your movie
            </legend>
            <div
              class="root horizontal"
              style="margin-bottom: 24px; min-width: undefined; max-width: undefined; min-height: undefined; max-height: undefined;"
            >
              <input
                aria-label="Search"
                aria-labelledby="searchButton"
                class="searchInput"
                name="search"
                placeholder="Quentin Tarantino"
                type="text"
              />
            </div>
            <div
              class="root horizontal spaceBetween middle"
              style="min-width: undefined; max-width: undefined; min-height: undefined; max-height: undefined;"
            >
              <div
                class="root horizontal spaceBetween middle"
                style="min-width: undefined; max-width: undefined; min-height: undefined; max-height: undefined;"
              >
                <div
                  class="searchLabel"
                >
                  search by
                </div>
                <div
                  class="root horizontal"
                  style="margin-right: 12px; min-width: undefined; max-width: undefined; min-height: undefined; max-height: undefined;"
                >
                  <button
                    class="button medium red"
                    data-testid="search-by-title"
                    type="button"
                    value="title"
                  >
                    title
                  </button>
                </div>
                <div
                  class="root horizontal"
                  style="margin-right: 12px; min-width: undefined; max-width: undefined; min-height: undefined; max-height: undefined;"
                >
                  <button
                    class="button medium gray"
                    data-testid="search-by-genre"
                    type="button"
                    value="genre"
                  >
                    genre
                  </button>
                </div>
              </div>
              <button
                class="button large red"
                type="button"
              >
                SEARCH
              </button>
            </div>
          </fieldset>
        </form>
      </div>
    </div>
  </body>,
  "container": <div>
    <div
      class="search"
      data-testid="search"
    >
      <form>
        <fieldset>
          <legend
            class="searchTitle header__searchTitle"
          >
            Find your movie
          </legend>
          <div
            class="root horizontal"
            style="margin-bottom: 24px; min-width: undefined; max-width: undefined; min-height: undefined; max-height: undefined;"
          >
            <input
              aria-label="Search"
              aria-labelledby="searchButton"
              class="searchInput"
              name="search"
              placeholder="Quentin Tarantino"
              type="text"
            />
          </div>
          <div
            class="root horizontal spaceBetween middle"
            style="min-width: undefined; max-width: undefined; min-height: undefined; max-height: undefined;"
          >
            <div
              class="root horizontal spaceBetween middle"
              style="min-width: undefined; max-width: undefined; min-height: undefined; max-height: undefined;"
            >
              <div
                class="searchLabel"
              >
                search by
              </div>
              <div
                class="root horizontal"
                style="margin-right: 12px; min-width: undefined; max-width: undefined; min-height: undefined; max-height: undefined;"
              >
                <button
                  class="button medium red"
                  data-testid="search-by-title"
                  type="button"
                  value="title"
                >
                  title
                </button>
              </div>
              <div
                class="root horizontal"
                style="margin-right: 12px; min-width: undefined; max-width: undefined; min-height: undefined; max-height: undefined;"
              >
                <button
                  class="button medium gray"
                  data-testid="search-by-genre"
                  type="button"
                  value="genre"
                >
                  genre
                </button>
              </div>
            </div>
            <button
              class="button large red"
              type="button"
            >
              SEARCH
            </button>
          </div>
        </fieldset>
      </form>
    </div>
  </div>,
  "debug": [Function],
  "findAllByAltText": [Function],
  "findAllByDisplayValue": [Function],
  "findAllByLabelText": [Function],
  "findAllByPlaceholderText": [Function],
  "findAllByRole": [Function],
  "findAllByTestId": [Function],
  "findAllByText": [Function],
  "findAllByTitle": [Function],
  "findByAltText": [Function],
  "findByDisplayValue": [Function],
  "findByLabelText": [Function],
  "findByPlaceholderText": [Function],
  "findByRole": [Function],
  "findByTestId": [Function],
  "findByText": [Function],
  "findByTitle": [Function],
  "getAllByAltText": [Function],
  "getAllByDisplayValue": [Function],
  "getAllByLabelText": [Function],
  "getAllByPlaceholderText": [Function],
  "getAllByRole": [Function],
  "getAllByTestId": [Function],
  "getAllByText": [Function],
  "getAllByTitle": [Function],
  "getByAltText": [Function],
  "getByDisplayValue": [Function],
  "getByLabelText": [Function],
  "getByPlaceholderText": [Function],
  "getByRole": [Function],
  "getByTestId": [Function],
  "getByText": [Function],
  "getByTitle": [Function],
  "queryAllByAltText": [Function],
  "queryAllByDisplayValue": [Function],
  "queryAllByLabelText": [Function],
  "queryAllByPlaceholderText": [Function],
  "queryAllByRole": [Function],
  "queryAllByTestId": [Function],
  "queryAllByText": [Function],
  "queryAllByTitle": [Function],
  "queryByAltText": [Function],
  "queryByDisplayValue": [Function],
  "queryByLabelText": [Function],
  "queryByPlaceholderText": [Function],
  "queryByRole": [Function],
  "queryByTestId": [Function],
  "queryByText": [Function],
  "queryByTitle": [Function],
  "rerender": [Function],
  "store": Object {
    "dispatch": [Function],
    "getState": [Function],
    "replaceReducer": [Function],
    "subscribe": [Function],
    Symbol(observable): [Function],
  },
  "unmount": [Function],
}
`;
