// Jest Snapshot v1, https://goo.gl/fbAQLP

exports[`snapshot test 1`] = `
<Box
  direction="horizontal"
  inline={false}
>
  <div
    className="root horizontal"
    style={
      Object {
        "height": "undefined",
        "margin": "undefined",
        "marginBottom": "undefined",
        "marginLeft": "undefined",
        "marginRight": "undefined",
        "marginTop": "undefined",
        "maxHeight": "undefined",
        "maxWidth": "undefined",
        "minHeight": "undefined",
        "minWidth": "undefined",
        "padding": "undefined",
        "paddingBottom": "undefined",
        "paddingLeft": "undefined",
        "paddingRight": "undefined",
        "paddingTop": "undefined",
        "width": "undefined",
      }
    }
  />
</Box>
`;
