// Jest Snapshot v1, https://goo.gl/fbAQLP

exports[`snapshot test 1`] = `
<Button>
  <button
    className="button"
    type="button"
  />
</Button>
`;
