exports[`Component1 renders correctly`] = `
<h1>
  Hello functional component!
</h1>
`;